// Jest Snapshot v1, https://goo.gl/fbAQLP

exports[`it renders correctly 1`] = `
<div
  className="MuiContainer-root MuiContainer-maxWidthLg"
>
  <h1
    className="MuiTypography-root MuiTypography-h1 MuiTypography-colorTextPrimary MuiTypography-alignCenter"
    data-testid="title"
  >
    404: The page you are looking for isnâ€™t here
  </h1>
  <h6
    className="MuiTypography-root MuiTypography-subtitle2 MuiTypography-colorTextSecondary MuiTypography-alignCenter"
  >
    You either tried some shady route or you came here by mistake. Whichever it is, try using the navigation.
  </h6>
  <div
    className="MuiBox-root MuiBox-root-11"
  >
    <img
      alt="Under development"
      className="makeStyles-image-10"
      src="not_found.svg"
    />
  </div>
  <div
    className="MuiBox-root MuiBox-root-12"
  >
    <button
      className="MuiButtonBase-root MuiButton-root MuiButton-outlined MuiButton-outlinedSecondary"
      disabled={false}
      onBlur={[Function]}
      onClick={[Function]}
      onDragLeave={[Function]}
      onFocus={[Function]}
      onKeyDown={[Function]}
      onKeyUp={[Function]}
      onMouseDown={[Function]}
      onMouseLeave={[Function]}
      onMouseUp={[Function]}
      onTouchEnd={[Function]}
      onTouchMove={[Function]}
      onTouchStart={[Function]}
      tabIndex={0}
      type="button"
    >
      <span
        className="MuiButton-label"
      >
        Back to home
      </span>
    </button>
  </div>
</div>
`;
